// Jest Snapshot v1, https://goo.gl/fbAQLP

exports[`Card component renders correctly 1`] = `
<div>
  <div
    class="Card-border"
  >
    <div
      class="Card"
    >
      <div
        class="name"
      />
      <div
        class="aka"
      >
        "
        "
      </div>
      <div
        class="alignment"
      >
        (
        )
      </div>
      <div
        class="loading"
      >
        Loading image...
      </div>
      <div
        class="stat-name1"
      >
        Cool: 
        <div
          class="stat1"
        />
      </div>
      <div
        class="stat-name2"
      >
        Largeness: 
        <div
          class="stat2"
        />
      </div>
      <div
        class="stat-name1"
      >
        Handsome: 
        <div
          class="stat1"
        />
      </div>
    </div>
  </div>
</div>
`;
