// Jest Snapshot v1, https://goo.gl/fbAQLP

exports[`BrowseCards component renders correctly 1`] = `
<div>
  <div
    class="Card"
  >
    <div
      class="name"
    />
    <div
      class="other-stat"
    >
      Cool: 
       
    </div>
    <div
      class="other-stat"
    >
      Largeness: 
       
    </div>
    <div
      class="other-stat"
    >
      Handsome: 
       
    </div>
    <div
      class="other-stat"
    >
      aka: 
      <br />
      "
      "
       
    </div>
    <div
      class="other-stat"
    >
      Alignment:
      <br />
       
    </div>
    <div
      class="delete"
    >
      <button>
        DELETE
      </button>
    </div>
  </div>
</div>
`;
