// Jest Snapshot v1, https://goo.gl/fbAQLP

exports[`Play component renders correctly 1`] = `
<div>
  <div
    class="Play"
  >
    <div
      class="Alert"
    >
      <h2>
        Error
      </h2>
      <p>
        Could not connect to the server.
      </p>
      <a
        href="/"
      >
        <button
          class="clearAlert"
        >
          BACK
        </button>
      </a>
    </div>
    <div
      class="game-area"
    >
      <div
        class="player"
      >
        <div
          class="score-active"
        >
          Player: 
          0
           cards
        </div>
        <div
          class="no-cards"
        />
      </div>
      <div
        class="game-ui"
      >
        <div
          class="status"
        >
          Player's turn
        </div>
        <div
          class="message"
        >
          Select a field to play against your opponent:
        </div>
        
        
        <div>
          <div
            class="field"
          >
            Cool
          </div>
          <div
            class="field"
          >
            Largeness
          </div>
          <div
            class="field"
          >
            Handsome
          </div>
        </div>
      </div>
      <div
        class="computer"
      >
        <div
          class="score"
        >
          Computer: 
          0
           cards
        </div>
        <div
          class="no-cards"
        />
      </div>
    </div>
    <a
      href="/"
    >
      <h3>
        ← BACK
      </h3>
    </a>
  </div>
</div>
`;
